
==========================================================================
floorplan final check_setup
--------------------------------------------------------------------------
1

==========================================================================
floorplan final report_tns
--------------------------------------------------------------------------
tns -2108.05

==========================================================================
floorplan final report_wns
--------------------------------------------------------------------------
wns -206.79

==========================================================================
floorplan final report_worst_slack
--------------------------------------------------------------------------
worst slack -206.79

==========================================================================
floorplan final report_checks -path_delay min
--------------------------------------------------------------------------
Startpoint: rst (input port clocked by clk)
Endpoint: _1494_ (rising edge-triggered flip-flop clocked by clk)
Path Group: clk
Path Type: min

Fanout     Cap    Slew   Delay    Time   Description
-----------------------------------------------------------------------------
                  0.00    0.00    0.00   clock clk (rise edge)
                          0.00    0.00   clock network delay (ideal)
                         80.00   80.00 ^ input external delay
     7    4.82    0.00    0.00   80.00 ^ rst (in)
                                         rst (net)
                  0.00    0.00   80.00 ^ _1407_/A (NOR2x1_ASAP7_75t_R)
     1    0.55    6.77    5.40   85.40 v _1407_/Y (NOR2x1_ASAP7_75t_R)
                                         _0098_ (net)
                  6.77    0.00   85.40 v _1494_/D (DFFHQNx1_ASAP7_75t_R)
                                 85.40   data arrival time

                  0.00    0.00    0.00   clock clk (rise edge)
                          0.00    0.00   clock network delay (ideal)
                          0.00    0.00   clock reconvergence pessimism
                                  0.00 ^ _1494_/CLK (DFFHQNx1_ASAP7_75t_R)
                          8.58    8.58   library hold time
                                  8.58   data required time
-----------------------------------------------------------------------------
                                  8.58   data required time
                                -85.40   data arrival time
-----------------------------------------------------------------------------
                                 76.82   slack (MET)



==========================================================================
floorplan final report_checks -path_delay max
--------------------------------------------------------------------------
Startpoint: x[12] (input port clocked by clk)
Endpoint: _1510_ (rising edge-triggered flip-flop clocked by clk)
Path Group: clk
Path Type: max

Fanout     Cap    Slew   Delay    Time   Description
-----------------------------------------------------------------------------
                  0.00    0.00    0.00   clock clk (rise edge)
                          0.00    0.00   clock network delay (ideal)
                         80.00   80.00 v input external delay
    10    6.67    0.00    0.00   80.00 v x[12] (in)
                                         x[12] (net)
                  0.00    0.00   80.00 v _0769_/A (AND2x2_ASAP7_75t_R)
     3    1.66    8.76   15.41   95.41 v _0769_/Y (AND2x2_ASAP7_75t_R)
                                         _0132_ (net)
                  8.76    0.00   95.41 v _0770_/B2 (AO32x1_ASAP7_75t_R)
    13    9.47   49.77   44.63  140.04 v _0770_/Y (AO32x1_ASAP7_75t_R)
                                         _0133_ (net)
                 49.77    0.00  140.04 v _0804_/A (AND2x2_ASAP7_75t_R)
     1    0.94    8.31   29.82  169.86 v _0804_/Y (AND2x2_ASAP7_75t_R)
                                         _0166_ (net)
                  8.31    0.00  169.86 v _0808_/B2 (AOI221x1_ASAP7_75t_R)
     4    2.80   34.40   18.66  188.52 ^ _0808_/Y (AOI221x1_ASAP7_75t_R)
                                         _0170_ (net)
                 34.40    0.00  188.52 ^ _0809_/D (AND4x1_ASAP7_75t_R)
     4    3.91   33.42   41.39  229.90 ^ _0809_/Y (AND4x1_ASAP7_75t_R)
                                         _0171_ (net)
                 33.42    0.00  229.90 ^ _0823_/C (AND4x1_ASAP7_75t_R)
     6    3.27   29.93   39.66  269.56 ^ _0823_/Y (AND4x1_ASAP7_75t_R)
                                         _0184_ (net)
                 29.93    0.00  269.56 ^ _0831_/A2 (AO221x1_ASAP7_75t_R)
     1    0.98   11.48   25.21  294.78 ^ _0831_/Y (AO221x1_ASAP7_75t_R)
                                         _0192_ (net)
                 11.48    0.00  294.78 ^ _0854_/A2 (AOI211x1_ASAP7_75t_R)
     1    1.06   19.82   14.81  309.58 v _0854_/Y (AOI211x1_ASAP7_75t_R)
                                         _0721_ (net)
                 19.82    0.00  309.58 v _1461_/A (HAxp5_ASAP7_75t_R)
     1    0.68   20.23   16.10  325.69 ^ _1461_/CON (HAxp5_ASAP7_75t_R)
                                         _0727_ (net)
                 20.23    0.00  325.69 ^ _1450_/A (INVx1_ASAP7_75t_R)
     1    2.00   14.53   11.83  337.51 v _1450_/Y (INVx1_ASAP7_75t_R)
                                         _0697_ (net)
                 14.53    0.00  337.51 v _1453_/A (FAx1_ASAP7_75t_R)
     2    2.68   52.91   31.26  368.77 ^ _1453_/CON (FAx1_ASAP7_75t_R)
                                         _0700_ (net)
                 52.91    0.00  368.77 ^ _0981_/A (INVx1_ASAP7_75t_R)
     1    0.65   13.04    9.67  378.45 v _0981_/Y (INVx1_ASAP7_75t_R)
                                         _0337_ (net)
                 13.04    0.00  378.45 v _0982_/A2 (OA21x2_ASAP7_75t_R)
     1    1.05    7.21   18.54  396.98 v _0982_/Y (OA21x2_ASAP7_75t_R)
                                         _0338_ (net)
                  7.21    0.00  396.98 v _0983_/C (MAJx2_ASAP7_75t_R)
     2    2.26   12.44   25.15  422.13 v _0983_/Y (MAJx2_ASAP7_75t_R)
                                         _0693_ (net)
                 12.44    0.00  422.13 v _1451_/CI (FAx1_ASAP7_75t_R)
    12    8.29  129.78  144.90  567.02 v _1451_/SN (FAx1_ASAP7_75t_R)
                                         _0073_ (net)
                129.78    0.00  567.02 v _0998_/A (INVx1_ASAP7_75t_R)
     6    4.44   54.25   43.43  610.45 ^ _0998_/Y (INVx1_ASAP7_75t_R)
                                         _0352_ (net)
                 54.25    0.00  610.45 ^ _1057_/B (AND2x2_ASAP7_75t_R)
     2    1.90   12.56   28.55  639.01 ^ _1057_/Y (AND2x2_ASAP7_75t_R)
                                         _0407_ (net)
                 12.56    0.00  639.01 ^ _1058_/C (NAND3x1_ASAP7_75t_R)
     2    2.61   26.90   13.64  652.64 v _1058_/Y (NAND3x1_ASAP7_75t_R)
                                         _0408_ (net)
                 26.90    0.00  652.64 v _1061_/A (NAND2x2_ASAP7_75t_R)
    10    7.13   33.13   25.51  678.16 ^ _1061_/Y (NAND2x2_ASAP7_75t_R)
                                         _0411_ (net)
                 33.13    0.00  678.16 ^ _1107_/A1 (AOI221x1_ASAP7_75t_R)
     1    0.63   23.95   19.69  697.85 v _1107_/Y (AOI221x1_ASAP7_75t_R)
                                         _0447_ (net)
                 23.95    0.00  697.85 v _1108_/B (AO21x1_ASAP7_75t_R)
     1    1.06    9.07   19.86  717.71 v _1108_/Y (AO21x1_ASAP7_75t_R)
                                         _0744_ (net)
                  9.07    0.00  717.71 v _1474_/A (HAxp5_ASAP7_75t_R)
     4    2.72   37.98   48.55  766.26 v _1474_/SN (HAxp5_ASAP7_75t_R)
                                         _0083_ (net)
                 37.98    0.00  766.26 v _1111_/E (OR5x1_ASAP7_75t_R)
     1    0.43   11.72   41.83  808.08 v _1111_/Y (OR5x1_ASAP7_75t_R)
                                         _0450_ (net)
                 11.72    0.00  808.08 v _1112_/B (OA211x2_ASAP7_75t_R)
     2    2.23   13.28   29.27  837.36 v _1112_/Y (OA211x2_ASAP7_75t_R)
                                         _0451_ (net)
                 13.28    0.00  837.36 v _1116_/A1 (OA21x2_ASAP7_75t_R)
     4    2.91   11.77   21.30  858.66 v _1116_/Y (OA21x2_ASAP7_75t_R)
                                         _0454_ (net)
                 11.77    0.00  858.66 v _1122_/A1 (OA21x2_ASAP7_75t_R)
     3    2.30   10.23   19.92  878.58 v _1122_/Y (OA21x2_ASAP7_75t_R)
                                         _0459_ (net)
                 10.23    0.00  878.58 v _1123_/C (OR3x1_ASAP7_75t_R)
     2    1.69   15.51   28.07  906.65 v _1123_/Y (OR3x1_ASAP7_75t_R)
                                         _0460_ (net)
                 15.51    0.00  906.65 v _1441_/A2 (AO21x1_ASAP7_75t_R)
     1    0.63    7.27   16.07  922.72 v _1441_/Y (AO21x1_ASAP7_75t_R)
                                         _0685_ (net)
                  7.27    0.00  922.72 v _1442_/A2 (AO21x1_ASAP7_75t_R)
     1    0.57    6.86   13.68  936.40 v _1442_/Y (AO21x1_ASAP7_75t_R)
                                         _0686_ (net)
                  6.86    0.00  936.40 v _1443_/B (AND2x2_ASAP7_75t_R)
     2    1.49    8.38   16.57  952.97 v _1443_/Y (AND2x2_ASAP7_75t_R)
                                         _0687_ (net)
                  8.38    0.00  952.97 v _1444_/B (XNOR2x2_ASAP7_75t_R)
     1    0.57    7.48   22.97  975.94 ^ _1444_/Y (XNOR2x2_ASAP7_75t_R)
                                         _0688_ (net)
                  7.48    0.00  975.94 ^ _1445_/B (AND2x2_ASAP7_75t_R)
     1    0.62    7.89   15.66  991.59 ^ _1445_/Y (AND2x2_ASAP7_75t_R)
                                         _0114_ (net)
                  7.89    0.00  991.59 ^ _1510_/D (DFFHQNx1_ASAP7_75t_R)
                                991.59   data arrival time

                  0.00  800.00  800.00   clock clk (rise edge)
                          0.00  800.00   clock network delay (ideal)
                          0.00  800.00   clock reconvergence pessimism
                                800.00 ^ _1510_/CLK (DFFHQNx1_ASAP7_75t_R)
                        -15.20  784.80   library setup time
                                784.80   data required time
-----------------------------------------------------------------------------
                                784.80   data required time
                               -991.59   data arrival time
-----------------------------------------------------------------------------
                               -206.79   slack (VIOLATED)



==========================================================================
floorplan final report_checks -unconstrained
--------------------------------------------------------------------------
Startpoint: x[12] (input port clocked by clk)
Endpoint: _1510_ (rising edge-triggered flip-flop clocked by clk)
Path Group: clk
Path Type: max

Fanout     Cap    Slew   Delay    Time   Description
-----------------------------------------------------------------------------
                  0.00    0.00    0.00   clock clk (rise edge)
                          0.00    0.00   clock network delay (ideal)
                         80.00   80.00 v input external delay
    10    6.67    0.00    0.00   80.00 v x[12] (in)
                                         x[12] (net)
                  0.00    0.00   80.00 v _0769_/A (AND2x2_ASAP7_75t_R)
     3    1.66    8.76   15.41   95.41 v _0769_/Y (AND2x2_ASAP7_75t_R)
                                         _0132_ (net)
                  8.76    0.00   95.41 v _0770_/B2 (AO32x1_ASAP7_75t_R)
    13    9.47   49.77   44.63  140.04 v _0770_/Y (AO32x1_ASAP7_75t_R)
                                         _0133_ (net)
                 49.77    0.00  140.04 v _0804_/A (AND2x2_ASAP7_75t_R)
     1    0.94    8.31   29.82  169.86 v _0804_/Y (AND2x2_ASAP7_75t_R)
                                         _0166_ (net)
                  8.31    0.00  169.86 v _0808_/B2 (AOI221x1_ASAP7_75t_R)
     4    2.80   34.40   18.66  188.52 ^ _0808_/Y (AOI221x1_ASAP7_75t_R)
                                         _0170_ (net)
                 34.40    0.00  188.52 ^ _0809_/D (AND4x1_ASAP7_75t_R)
     4    3.91   33.42   41.39  229.90 ^ _0809_/Y (AND4x1_ASAP7_75t_R)
                                         _0171_ (net)
                 33.42    0.00  229.90 ^ _0823_/C (AND4x1_ASAP7_75t_R)
     6    3.27   29.93   39.66  269.56 ^ _0823_/Y (AND4x1_ASAP7_75t_R)
                                         _0184_ (net)
                 29.93    0.00  269.56 ^ _0831_/A2 (AO221x1_ASAP7_75t_R)
     1    0.98   11.48   25.21  294.78 ^ _0831_/Y (AO221x1_ASAP7_75t_R)
                                         _0192_ (net)
                 11.48    0.00  294.78 ^ _0854_/A2 (AOI211x1_ASAP7_75t_R)
     1    1.06   19.82   14.81  309.58 v _0854_/Y (AOI211x1_ASAP7_75t_R)
                                         _0721_ (net)
                 19.82    0.00  309.58 v _1461_/A (HAxp5_ASAP7_75t_R)
     1    0.68   20.23   16.10  325.69 ^ _1461_/CON (HAxp5_ASAP7_75t_R)
                                         _0727_ (net)
                 20.23    0.00  325.69 ^ _1450_/A (INVx1_ASAP7_75t_R)
     1    2.00   14.53   11.83  337.51 v _1450_/Y (INVx1_ASAP7_75t_R)
                                         _0697_ (net)
                 14.53    0.00  337.51 v _1453_/A (FAx1_ASAP7_75t_R)
     2    2.68   52.91   31.26  368.77 ^ _1453_/CON (FAx1_ASAP7_75t_R)
                                         _0700_ (net)
                 52.91    0.00  368.77 ^ _0981_/A (INVx1_ASAP7_75t_R)
     1    0.65   13.04    9.67  378.45 v _0981_/Y (INVx1_ASAP7_75t_R)
                                         _0337_ (net)
                 13.04    0.00  378.45 v _0982_/A2 (OA21x2_ASAP7_75t_R)
     1    1.05    7.21   18.54  396.98 v _0982_/Y (OA21x2_ASAP7_75t_R)
                                         _0338_ (net)
                  7.21    0.00  396.98 v _0983_/C (MAJx2_ASAP7_75t_R)
     2    2.26   12.44   25.15  422.13 v _0983_/Y (MAJx2_ASAP7_75t_R)
                                         _0693_ (net)
                 12.44    0.00  422.13 v _1451_/CI (FAx1_ASAP7_75t_R)
    12    8.29  129.78  144.90  567.02 v _1451_/SN (FAx1_ASAP7_75t_R)
                                         _0073_ (net)
                129.78    0.00  567.02 v _0998_/A (INVx1_ASAP7_75t_R)
     6    4.44   54.25   43.43  610.45 ^ _0998_/Y (INVx1_ASAP7_75t_R)
                                         _0352_ (net)
                 54.25    0.00  610.45 ^ _1057_/B (AND2x2_ASAP7_75t_R)
     2    1.90   12.56   28.55  639.01 ^ _1057_/Y (AND2x2_ASAP7_75t_R)
                                         _0407_ (net)
                 12.56    0.00  639.01 ^ _1058_/C (NAND3x1_ASAP7_75t_R)
     2    2.61   26.90   13.64  652.64 v _1058_/Y (NAND3x1_ASAP7_75t_R)
                                         _0408_ (net)
                 26.90    0.00  652.64 v _1061_/A (NAND2x2_ASAP7_75t_R)
    10    7.13   33.13   25.51  678.16 ^ _1061_/Y (NAND2x2_ASAP7_75t_R)
                                         _0411_ (net)
                 33.13    0.00  678.16 ^ _1107_/A1 (AOI221x1_ASAP7_75t_R)
     1    0.63   23.95   19.69  697.85 v _1107_/Y (AOI221x1_ASAP7_75t_R)
                                         _0447_ (net)
                 23.95    0.00  697.85 v _1108_/B (AO21x1_ASAP7_75t_R)
     1    1.06    9.07   19.86  717.71 v _1108_/Y (AO21x1_ASAP7_75t_R)
                                         _0744_ (net)
                  9.07    0.00  717.71 v _1474_/A (HAxp5_ASAP7_75t_R)
     4    2.72   37.98   48.55  766.26 v _1474_/SN (HAxp5_ASAP7_75t_R)
                                         _0083_ (net)
                 37.98    0.00  766.26 v _1111_/E (OR5x1_ASAP7_75t_R)
     1    0.43   11.72   41.83  808.08 v _1111_/Y (OR5x1_ASAP7_75t_R)
                                         _0450_ (net)
                 11.72    0.00  808.08 v _1112_/B (OA211x2_ASAP7_75t_R)
     2    2.23   13.28   29.27  837.36 v _1112_/Y (OA211x2_ASAP7_75t_R)
                                         _0451_ (net)
                 13.28    0.00  837.36 v _1116_/A1 (OA21x2_ASAP7_75t_R)
     4    2.91   11.77   21.30  858.66 v _1116_/Y (OA21x2_ASAP7_75t_R)
                                         _0454_ (net)
                 11.77    0.00  858.66 v _1122_/A1 (OA21x2_ASAP7_75t_R)
     3    2.30   10.23   19.92  878.58 v _1122_/Y (OA21x2_ASAP7_75t_R)
                                         _0459_ (net)
                 10.23    0.00  878.58 v _1123_/C (OR3x1_ASAP7_75t_R)
     2    1.69   15.51   28.07  906.65 v _1123_/Y (OR3x1_ASAP7_75t_R)
                                         _0460_ (net)
                 15.51    0.00  906.65 v _1441_/A2 (AO21x1_ASAP7_75t_R)
     1    0.63    7.27   16.07  922.72 v _1441_/Y (AO21x1_ASAP7_75t_R)
                                         _0685_ (net)
                  7.27    0.00  922.72 v _1442_/A2 (AO21x1_ASAP7_75t_R)
     1    0.57    6.86   13.68  936.40 v _1442_/Y (AO21x1_ASAP7_75t_R)
                                         _0686_ (net)
                  6.86    0.00  936.40 v _1443_/B (AND2x2_ASAP7_75t_R)
     2    1.49    8.38   16.57  952.97 v _1443_/Y (AND2x2_ASAP7_75t_R)
                                         _0687_ (net)
                  8.38    0.00  952.97 v _1444_/B (XNOR2x2_ASAP7_75t_R)
     1    0.57    7.48   22.97  975.94 ^ _1444_/Y (XNOR2x2_ASAP7_75t_R)
                                         _0688_ (net)
                  7.48    0.00  975.94 ^ _1445_/B (AND2x2_ASAP7_75t_R)
     1    0.62    7.89   15.66  991.59 ^ _1445_/Y (AND2x2_ASAP7_75t_R)
                                         _0114_ (net)
                  7.89    0.00  991.59 ^ _1510_/D (DFFHQNx1_ASAP7_75t_R)
                                991.59   data arrival time

                  0.00  800.00  800.00   clock clk (rise edge)
                          0.00  800.00   clock network delay (ideal)
                          0.00  800.00   clock reconvergence pessimism
                                800.00 ^ _1510_/CLK (DFFHQNx1_ASAP7_75t_R)
                        -15.20  784.80   library setup time
                                784.80   data required time
-----------------------------------------------------------------------------
                                784.80   data required time
                               -991.59   data arrival time
-----------------------------------------------------------------------------
                               -206.79   slack (VIOLATED)



==========================================================================
floorplan final report_power
--------------------------------------------------------------------------
Group                  Internal  Switching    Leakage      Total
                          Power      Power      Power      Power (Watts)
----------------------------------------------------------------
Sequential             8.43e-05   3.32e-06   5.03e-09   8.76e-05  33.0%
Combinational          9.31e-05   8.47e-05   5.48e-08   1.78e-04  67.0%
Clock                  0.00e+00   0.00e+00   0.00e+00   0.00e+00   0.0%
Macro                  0.00e+00   0.00e+00   0.00e+00   0.00e+00   0.0%
Pad                    0.00e+00   0.00e+00   0.00e+00   0.00e+00   0.0%
----------------------------------------------------------------
Total                  1.77e-04   8.81e-05   5.99e-08   2.66e-04 100.0%
                          66.8%      33.2%       0.0%
