
==========================================================================
resizer pre check_setup
--------------------------------------------------------------------------
1

==========================================================================
resizer pre report_tns
--------------------------------------------------------------------------
tns -3281.96

==========================================================================
resizer pre report_wns
--------------------------------------------------------------------------
wns -272.25

==========================================================================
resizer pre report_worst_slack
--------------------------------------------------------------------------
worst slack -272.25

==========================================================================
resizer pre report_checks -path_delay min
--------------------------------------------------------------------------
Startpoint: rst (input port clocked by clk)
Endpoint: _1494_ (rising edge-triggered flip-flop clocked by clk)
Path Group: clk
Path Type: min

Fanout     Cap    Slew   Delay    Time   Description
-----------------------------------------------------------------------------
                  0.00    0.00    0.00   clock clk (rise edge)
                          0.00    0.00   clock network delay (ideal)
                         80.00   80.00 ^ input external delay
     7    7.83    0.00    0.00   80.00 ^ rst (in)
                                         rst (net)
                  1.91    0.60   80.60 ^ _1407_/A (NOR2x1_ASAP7_75t_R)
     1    0.65    7.48    6.33   86.94 v _1407_/Y (NOR2x1_ASAP7_75t_R)
                                         _0098_ (net)
                  7.48    0.00   86.94 v _1494_/D (DFFHQNx1_ASAP7_75t_R)
                                 86.94   data arrival time

                  0.00    0.00    0.00   clock clk (rise edge)
                          0.00    0.00   clock network delay (ideal)
                          0.00    0.00   clock reconvergence pessimism
                                  0.00 ^ _1494_/CLK (DFFHQNx1_ASAP7_75t_R)
                          8.52    8.52   library hold time
                                  8.52   data required time
-----------------------------------------------------------------------------
                                  8.52   data required time
                                -86.94   data arrival time
-----------------------------------------------------------------------------
                                 78.43   slack (MET)



==========================================================================
resizer pre report_checks -path_delay max
--------------------------------------------------------------------------
Startpoint: x[13] (input port clocked by clk)
Endpoint: _1510_ (rising edge-triggered flip-flop clocked by clk)
Path Group: clk
Path Type: max

Fanout     Cap    Slew   Delay    Time   Description
-----------------------------------------------------------------------------
                  0.00    0.00    0.00   clock clk (rise edge)
                          0.00    0.00   clock network delay (ideal)
                         80.00   80.00 v input external delay
    39   32.97    0.00    0.00   80.00 v x[13] (in)
                                         x[13] (net)
                 13.75    4.34   84.34 v _0769_/B (AND2x2_ASAP7_75t_R)
     3    1.74    8.94   19.45  103.79 v _0769_/Y (AND2x2_ASAP7_75t_R)
                                         _0132_ (net)
                  8.94    0.00  103.79 v _0770_/B2 (AO32x1_ASAP7_75t_R)
    13   11.37   62.68   48.67  152.46 v _0770_/Y (AO32x1_ASAP7_75t_R)
                                         _0133_ (net)
                 62.70    0.61  153.07 v _0804_/A (AND2x2_ASAP7_75t_R)
     1    0.97    8.72   32.69  185.76 v _0804_/Y (AND2x2_ASAP7_75t_R)
                                         _0166_ (net)
                  8.72    0.01  185.77 v _0808_/B2 (AOI221x1_ASAP7_75t_R)
     4    2.95   37.03   19.32  205.09 ^ _0808_/Y (AOI221x1_ASAP7_75t_R)
                                         _0170_ (net)
                 37.03    0.00  205.09 ^ _0809_/D (AND4x1_ASAP7_75t_R)
     4    4.34   37.37   43.07  248.17 ^ _0809_/Y (AND4x1_ASAP7_75t_R)
                                         _0171_ (net)
                 37.37    0.07  248.24 ^ _0823_/C (AND4x1_ASAP7_75t_R)
     6    3.59   32.78   41.30  289.54 ^ _0823_/Y (AND4x1_ASAP7_75t_R)
                                         _0184_ (net)
                 32.78    0.12  289.66 ^ _0831_/A2 (AO221x1_ASAP7_75t_R)
     1    1.00   11.40   25.74  315.40 ^ _0831_/Y (AO221x1_ASAP7_75t_R)
                                         _0192_ (net)
                 11.40    0.00  315.41 ^ _0854_/A2 (AOI211x1_ASAP7_75t_R)
     1    1.16   20.19   15.24  330.65 v _0854_/Y (AOI211x1_ASAP7_75t_R)
                                         _0721_ (net)
                 20.19    0.02  330.67 v _1461_/A (HAxp5_ASAP7_75t_R)
     1    0.73   20.27   16.44  347.12 ^ _1461_/CON (HAxp5_ASAP7_75t_R)
                                         _0727_ (net)
                 20.27    0.01  347.12 ^ _1450_/A (INVx1_ASAP7_75t_R)
     1    2.06   15.13   12.00  359.12 v _1450_/Y (INVx1_ASAP7_75t_R)
                                         _0697_ (net)
                 15.13    0.02  359.15 v _1453_/A (FAx1_ASAP7_75t_R)
     2    2.75   54.05   31.86  391.00 ^ _1453_/CON (FAx1_ASAP7_75t_R)
                                         _0700_ (net)
                 54.05    0.01  391.02 ^ _0981_/A (INVx1_ASAP7_75t_R)
     1    0.70   13.20   10.00  401.02 v _0981_/Y (INVx1_ASAP7_75t_R)
                                         _0337_ (net)
                 13.20    0.01  401.03 v _0982_/A2 (OA21x2_ASAP7_75t_R)
     1    1.14    7.29   18.74  419.77 v _0982_/Y (OA21x2_ASAP7_75t_R)
                                         _0338_ (net)
                  7.29    0.02  419.79 v _0983_/C (MAJx2_ASAP7_75t_R)
     2    2.36   12.87   25.36  445.15 v _0983_/Y (MAJx2_ASAP7_75t_R)
                                         _0693_ (net)
                 12.87    0.01  445.15 v _1451_/CI (FAx1_ASAP7_75t_R)
    12    9.92  159.95  165.40  610.55 v _1451_/SN (FAx1_ASAP7_75t_R)
                                         _0073_ (net)
                159.96    0.79  611.34 v _0998_/A (INVx1_ASAP7_75t_R)
     6    4.73   65.52   49.83  661.17 ^ _0998_/Y (INVx1_ASAP7_75t_R)
                                         _0352_ (net)
                 65.52    0.02  661.19 ^ _1057_/B (AND2x2_ASAP7_75t_R)
     2    1.99   13.02   30.38  691.57 ^ _1057_/Y (AND2x2_ASAP7_75t_R)
                                         _0407_ (net)
                 13.02    0.03  691.60 ^ _1058_/C (NAND3x1_ASAP7_75t_R)
     2    2.68   27.53   13.87  705.48 v _1058_/Y (NAND3x1_ASAP7_75t_R)
                                         _0408_ (net)
                 27.53    0.03  705.50 v _1061_/A (NAND2x2_ASAP7_75t_R)
    10    8.00   36.19   26.99  732.49 ^ _1061_/Y (NAND2x2_ASAP7_75t_R)
                                         _0411_ (net)
                 36.19    0.15  732.64 ^ _1107_/A1 (AOI221x1_ASAP7_75t_R)
     1    0.68   25.94   20.67  753.30 v _1107_/Y (AOI221x1_ASAP7_75t_R)
                                         _0447_ (net)
                 25.94    0.01  753.31 v _1108_/B (AO21x1_ASAP7_75t_R)
     1    1.42   10.85   21.27  774.58 v _1108_/Y (AO21x1_ASAP7_75t_R)
                                         _0744_ (net)
                 10.85    0.08  774.66 v _1474_/A (HAxp5_ASAP7_75t_R)
     4    2.85   58.87   50.76  825.42 v _1474_/SN (HAxp5_ASAP7_75t_R)
                                         _0083_ (net)
                 58.87    0.02  825.43 v _1111_/E (OR5x1_ASAP7_75t_R)
     1    0.49   11.92   44.39  869.82 v _1111_/Y (OR5x1_ASAP7_75t_R)
                                         _0450_ (net)
                 11.92    0.01  869.83 v _1112_/B (OA211x2_ASAP7_75t_R)
     2    2.48   13.86   29.80  899.63 v _1112_/Y (OA211x2_ASAP7_75t_R)
                                         _0451_ (net)
                 13.86    0.08  899.71 v _1116_/A1 (OA21x2_ASAP7_75t_R)
     4    3.29   12.88   21.92  921.63 v _1116_/Y (OA21x2_ASAP7_75t_R)
                                         _0454_ (net)
                 12.88    0.12  921.75 v _1122_/A1 (OA21x2_ASAP7_75t_R)
     3    2.46   10.72   20.42  942.17 v _1122_/Y (OA21x2_ASAP7_75t_R)
                                         _0459_ (net)
                 10.72    0.04  942.21 v _1123_/C (OR3x1_ASAP7_75t_R)
     2    1.83   16.73   28.60  970.82 v _1123_/Y (OR3x1_ASAP7_75t_R)
                                         _0460_ (net)
                 16.73    0.04  970.86 v _1441_/A2 (AO21x1_ASAP7_75t_R)
     1    0.69    7.40   16.56  987.42 v _1441_/Y (AO21x1_ASAP7_75t_R)
                                         _0685_ (net)
                  7.40    0.01  987.42 v _1442_/A2 (AO21x1_ASAP7_75t_R)
     1    0.63    7.27   13.90 1001.32 v _1442_/Y (AO21x1_ASAP7_75t_R)
                                         _0686_ (net)
                  7.27    0.01 1001.33 v _1443_/B (AND2x2_ASAP7_75t_R)
     2    1.55    8.46   16.82 1018.15 v _1443_/Y (AND2x2_ASAP7_75t_R)
                                         _0687_ (net)
                  8.46    0.02 1018.16 v _1444_/B (XNOR2x2_ASAP7_75t_R)
     1    0.62    7.55   23.10 1041.26 ^ _1444_/Y (XNOR2x2_ASAP7_75t_R)
                                         _0688_ (net)
                  7.55    0.01 1041.27 ^ _1445_/B (AND2x2_ASAP7_75t_R)
     1    0.66    8.11   15.76 1057.02 ^ _1445_/Y (AND2x2_ASAP7_75t_R)
                                         _0114_ (net)
                  8.11    0.00 1057.03 ^ _1510_/D (DFFHQNx1_ASAP7_75t_R)
                               1057.03   data arrival time

                  0.00  800.00  800.00   clock clk (rise edge)
                          0.00  800.00   clock network delay (ideal)
                          0.00  800.00   clock reconvergence pessimism
                                800.00 ^ _1510_/CLK (DFFHQNx1_ASAP7_75t_R)
                        -15.23  784.77   library setup time
                                784.77   data required time
-----------------------------------------------------------------------------
                                784.77   data required time
                               -1057.03   data arrival time
-----------------------------------------------------------------------------
                               -272.25   slack (VIOLATED)



==========================================================================
resizer pre report_checks -unconstrained
--------------------------------------------------------------------------
Startpoint: x[13] (input port clocked by clk)
Endpoint: _1510_ (rising edge-triggered flip-flop clocked by clk)
Path Group: clk
Path Type: max

Fanout     Cap    Slew   Delay    Time   Description
-----------------------------------------------------------------------------
                  0.00    0.00    0.00   clock clk (rise edge)
                          0.00    0.00   clock network delay (ideal)
                         80.00   80.00 v input external delay
    39   32.97    0.00    0.00   80.00 v x[13] (in)
                                         x[13] (net)
                 13.75    4.34   84.34 v _0769_/B (AND2x2_ASAP7_75t_R)
     3    1.74    8.94   19.45  103.79 v _0769_/Y (AND2x2_ASAP7_75t_R)
                                         _0132_ (net)
                  8.94    0.00  103.79 v _0770_/B2 (AO32x1_ASAP7_75t_R)
    13   11.37   62.68   48.67  152.46 v _0770_/Y (AO32x1_ASAP7_75t_R)
                                         _0133_ (net)
                 62.70    0.61  153.07 v _0804_/A (AND2x2_ASAP7_75t_R)
     1    0.97    8.72   32.69  185.76 v _0804_/Y (AND2x2_ASAP7_75t_R)
                                         _0166_ (net)
                  8.72    0.01  185.77 v _0808_/B2 (AOI221x1_ASAP7_75t_R)
     4    2.95   37.03   19.32  205.09 ^ _0808_/Y (AOI221x1_ASAP7_75t_R)
                                         _0170_ (net)
                 37.03    0.00  205.09 ^ _0809_/D (AND4x1_ASAP7_75t_R)
     4    4.34   37.37   43.07  248.17 ^ _0809_/Y (AND4x1_ASAP7_75t_R)
                                         _0171_ (net)
                 37.37    0.07  248.24 ^ _0823_/C (AND4x1_ASAP7_75t_R)
     6    3.59   32.78   41.30  289.54 ^ _0823_/Y (AND4x1_ASAP7_75t_R)
                                         _0184_ (net)
                 32.78    0.12  289.66 ^ _0831_/A2 (AO221x1_ASAP7_75t_R)
     1    1.00   11.40   25.74  315.40 ^ _0831_/Y (AO221x1_ASAP7_75t_R)
                                         _0192_ (net)
                 11.40    0.00  315.41 ^ _0854_/A2 (AOI211x1_ASAP7_75t_R)
     1    1.16   20.19   15.24  330.65 v _0854_/Y (AOI211x1_ASAP7_75t_R)
                                         _0721_ (net)
                 20.19    0.02  330.67 v _1461_/A (HAxp5_ASAP7_75t_R)
     1    0.73   20.27   16.44  347.12 ^ _1461_/CON (HAxp5_ASAP7_75t_R)
                                         _0727_ (net)
                 20.27    0.01  347.12 ^ _1450_/A (INVx1_ASAP7_75t_R)
     1    2.06   15.13   12.00  359.12 v _1450_/Y (INVx1_ASAP7_75t_R)
                                         _0697_ (net)
                 15.13    0.02  359.15 v _1453_/A (FAx1_ASAP7_75t_R)
     2    2.75   54.05   31.86  391.00 ^ _1453_/CON (FAx1_ASAP7_75t_R)
                                         _0700_ (net)
                 54.05    0.01  391.02 ^ _0981_/A (INVx1_ASAP7_75t_R)
     1    0.70   13.20   10.00  401.02 v _0981_/Y (INVx1_ASAP7_75t_R)
                                         _0337_ (net)
                 13.20    0.01  401.03 v _0982_/A2 (OA21x2_ASAP7_75t_R)
     1    1.14    7.29   18.74  419.77 v _0982_/Y (OA21x2_ASAP7_75t_R)
                                         _0338_ (net)
                  7.29    0.02  419.79 v _0983_/C (MAJx2_ASAP7_75t_R)
     2    2.36   12.87   25.36  445.15 v _0983_/Y (MAJx2_ASAP7_75t_R)
                                         _0693_ (net)
                 12.87    0.01  445.15 v _1451_/CI (FAx1_ASAP7_75t_R)
    12    9.92  159.95  165.40  610.55 v _1451_/SN (FAx1_ASAP7_75t_R)
                                         _0073_ (net)
                159.96    0.79  611.34 v _0998_/A (INVx1_ASAP7_75t_R)
     6    4.73   65.52   49.83  661.17 ^ _0998_/Y (INVx1_ASAP7_75t_R)
                                         _0352_ (net)
                 65.52    0.02  661.19 ^ _1057_/B (AND2x2_ASAP7_75t_R)
     2    1.99   13.02   30.38  691.57 ^ _1057_/Y (AND2x2_ASAP7_75t_R)
                                         _0407_ (net)
                 13.02    0.03  691.60 ^ _1058_/C (NAND3x1_ASAP7_75t_R)
     2    2.68   27.53   13.87  705.48 v _1058_/Y (NAND3x1_ASAP7_75t_R)
                                         _0408_ (net)
                 27.53    0.03  705.50 v _1061_/A (NAND2x2_ASAP7_75t_R)
    10    8.00   36.19   26.99  732.49 ^ _1061_/Y (NAND2x2_ASAP7_75t_R)
                                         _0411_ (net)
                 36.19    0.15  732.64 ^ _1107_/A1 (AOI221x1_ASAP7_75t_R)
     1    0.68   25.94   20.67  753.30 v _1107_/Y (AOI221x1_ASAP7_75t_R)
                                         _0447_ (net)
                 25.94    0.01  753.31 v _1108_/B (AO21x1_ASAP7_75t_R)
     1    1.42   10.85   21.27  774.58 v _1108_/Y (AO21x1_ASAP7_75t_R)
                                         _0744_ (net)
                 10.85    0.08  774.66 v _1474_/A (HAxp5_ASAP7_75t_R)
     4    2.85   58.87   50.76  825.42 v _1474_/SN (HAxp5_ASAP7_75t_R)
                                         _0083_ (net)
                 58.87    0.02  825.43 v _1111_/E (OR5x1_ASAP7_75t_R)
     1    0.49   11.92   44.39  869.82 v _1111_/Y (OR5x1_ASAP7_75t_R)
                                         _0450_ (net)
                 11.92    0.01  869.83 v _1112_/B (OA211x2_ASAP7_75t_R)
     2    2.48   13.86   29.80  899.63 v _1112_/Y (OA211x2_ASAP7_75t_R)
                                         _0451_ (net)
                 13.86    0.08  899.71 v _1116_/A1 (OA21x2_ASAP7_75t_R)
     4    3.29   12.88   21.92  921.63 v _1116_/Y (OA21x2_ASAP7_75t_R)
                                         _0454_ (net)
                 12.88    0.12  921.75 v _1122_/A1 (OA21x2_ASAP7_75t_R)
     3    2.46   10.72   20.42  942.17 v _1122_/Y (OA21x2_ASAP7_75t_R)
                                         _0459_ (net)
                 10.72    0.04  942.21 v _1123_/C (OR3x1_ASAP7_75t_R)
     2    1.83   16.73   28.60  970.82 v _1123_/Y (OR3x1_ASAP7_75t_R)
                                         _0460_ (net)
                 16.73    0.04  970.86 v _1441_/A2 (AO21x1_ASAP7_75t_R)
     1    0.69    7.40   16.56  987.42 v _1441_/Y (AO21x1_ASAP7_75t_R)
                                         _0685_ (net)
                  7.40    0.01  987.42 v _1442_/A2 (AO21x1_ASAP7_75t_R)
     1    0.63    7.27   13.90 1001.32 v _1442_/Y (AO21x1_ASAP7_75t_R)
                                         _0686_ (net)
                  7.27    0.01 1001.33 v _1443_/B (AND2x2_ASAP7_75t_R)
     2    1.55    8.46   16.82 1018.15 v _1443_/Y (AND2x2_ASAP7_75t_R)
                                         _0687_ (net)
                  8.46    0.02 1018.16 v _1444_/B (XNOR2x2_ASAP7_75t_R)
     1    0.62    7.55   23.10 1041.26 ^ _1444_/Y (XNOR2x2_ASAP7_75t_R)
                                         _0688_ (net)
                  7.55    0.01 1041.27 ^ _1445_/B (AND2x2_ASAP7_75t_R)
     1    0.66    8.11   15.76 1057.02 ^ _1445_/Y (AND2x2_ASAP7_75t_R)
                                         _0114_ (net)
                  8.11    0.00 1057.03 ^ _1510_/D (DFFHQNx1_ASAP7_75t_R)
                               1057.03   data arrival time

                  0.00  800.00  800.00   clock clk (rise edge)
                          0.00  800.00   clock network delay (ideal)
                          0.00  800.00   clock reconvergence pessimism
                                800.00 ^ _1510_/CLK (DFFHQNx1_ASAP7_75t_R)
                        -15.23  784.77   library setup time
                                784.77   data required time
-----------------------------------------------------------------------------
                                784.77   data required time
                               -1057.03   data arrival time
-----------------------------------------------------------------------------
                               -272.25   slack (VIOLATED)



==========================================================================
resizer pre report_power
--------------------------------------------------------------------------
Group                  Internal  Switching    Leakage      Total
                          Power      Power      Power      Power (Watts)
----------------------------------------------------------------
Sequential             8.43e-05   3.54e-06   5.03e-09   8.78e-05  31.4%
Combinational          9.35e-05   9.81e-05   5.48e-08   1.92e-04  68.6%
Clock                  0.00e+00   0.00e+00   0.00e+00   0.00e+00   0.0%
Macro                  0.00e+00   0.00e+00   0.00e+00   0.00e+00   0.0%
Pad                    0.00e+00   0.00e+00   0.00e+00   0.00e+00   0.0%
----------------------------------------------------------------
Total                  1.78e-04   1.02e-04   5.99e-08   2.79e-04 100.0%
                          63.6%      36.4%       0.0%
