
==========================================================================
cts final check_setup
--------------------------------------------------------------------------
1

==========================================================================
cts final report_tns
--------------------------------------------------------------------------
tns 0.00

==========================================================================
cts final report_wns
--------------------------------------------------------------------------
wns 0.00

==========================================================================
cts final report_worst_slack
--------------------------------------------------------------------------
worst slack 0.15

==========================================================================
cts final report_clock_skew
--------------------------------------------------------------------------
Clock clk
No launch/capture paths found.


==========================================================================
cts final report_checks -path_delay min
--------------------------------------------------------------------------
Startpoint: rst (input port clocked by clk)
Endpoint: _1494_ (rising edge-triggered flip-flop clocked by clk)
Path Group: clk
Path Type: min

Fanout     Cap    Slew   Delay    Time   Description
-----------------------------------------------------------------------------
                          0.00    0.00   clock clk (rise edge)
                          0.00    0.00   clock network delay (propagated)
                         80.00   80.00 ^ input external delay
     1    1.73    0.00    0.00   80.00 ^ rst (in)
                                         rst (net)
                  0.25    0.08   80.08 ^ input1/A (BUFx6f_ASAP7_75t_R)
     7   11.50   15.44   13.91   93.99 ^ input1/Y (BUFx6f_ASAP7_75t_R)
                                         net1 (net)
                 15.56    0.76   94.74 ^ _1407_/A (NOR2x1_ASAP7_75t_R)
     1    0.68   10.27   10.69  105.43 v _1407_/Y (NOR2x1_ASAP7_75t_R)
                                         _0098_ (net)
                 10.27    0.01  105.44 v _1494_/D (DFFHQNx3_ASAP7_75t_R)
                                105.44   data arrival time

                          0.00    0.00   clock clk (rise edge)
                          0.00    0.00   clock source latency
     1    1.82    0.00    0.00    0.00 ^ clk (in)
                                         clk (net)
                  0.61    0.19    0.19 ^ clkbuf_0_clk/A (BUFx4_ASAP7_75t_R)
     4    3.47   10.58   17.08   17.28 ^ clkbuf_0_clk/Y (BUFx4_ASAP7_75t_R)
                                         clknet_0_clk (net)
                 10.59    0.11   17.39 ^ clkbuf_2_1__f_clk/A (BUFx4_ASAP7_75t_R)
     9    5.36   13.52   21.98   39.37 ^ clkbuf_2_1__f_clk/Y (BUFx4_ASAP7_75t_R)
                                         clknet_2_1__leaf_clk (net)
                 13.52    0.11   39.47 ^ _1494_/CLK (DFFHQNx3_ASAP7_75t_R)
                          0.00   39.47   clock reconvergence pessimism
                         12.13   51.60   library hold time
                                 51.60   data required time
-----------------------------------------------------------------------------
                                 51.60   data required time
                               -105.44   data arrival time
-----------------------------------------------------------------------------
                                 53.84   slack (MET)



==========================================================================
cts final report_checks -path_delay max
--------------------------------------------------------------------------
Startpoint: x[10] (input port clocked by clk)
Endpoint: _1509_ (rising edge-triggered flip-flop clocked by clk)
Path Group: clk
Path Type: max

Fanout     Cap    Slew   Delay    Time   Description
-----------------------------------------------------------------------------
                          0.00    0.00   clock clk (rise edge)
                          0.00    0.00   clock network delay (propagated)
                         80.00   80.00 v input external delay
     1    1.66    0.00    0.00   80.00 v x[10] (in)
                                         x[10] (net)
                  0.20    0.06   80.06 v input3/A (BUFx6f_ASAP7_75t_R)
    11    8.47   10.81   12.89   92.95 v input3/Y (BUFx6f_ASAP7_75t_R)
                                         net3 (net)
                 10.81    0.15   93.11 v _0768_/C (AND4x1_ASAP7_75t_R)
     2    1.15    9.28   16.41  109.52 v _0768_/Y (AND4x1_ASAP7_75t_R)
                                         _0131_ (net)
                  9.28    0.01  109.53 v _0770_/B1 (AO32x2_ASAP7_75t_R)
     6    5.04   20.01   32.89  142.43 v _0770_/Y (AO32x2_ASAP7_75t_R)
                                         _0133_ (net)
                 20.02    0.23  142.66 v rebuffer30/A (BUFx6f_ASAP7_75t_R)
     4    3.81    7.04   16.93  159.58 v rebuffer30/Y (BUFx6f_ASAP7_75t_R)
                                         net95 (net)
                  7.05    0.17  159.76 v _0772_/A (INVx2_ASAP7_75t_R)
     2    1.35    6.07    5.33  165.09 ^ _0772_/Y (INVx2_ASAP7_75t_R)
                                         _0134_ (net)
                  6.07    0.01  165.10 ^ _0795_/A (OR3x1_ASAP7_75t_R)
     1    0.98    9.65   12.37  177.47 ^ _0795_/Y (OR3x1_ASAP7_75t_R)
                                         _0157_ (net)
                  9.65    0.06  177.53 ^ _0809_/C (AND4x2_ASAP7_75t_R)
     3    1.96   15.74   32.49  210.02 ^ _0809_/Y (AND4x2_ASAP7_75t_R)
                                         _0171_ (net)
                 15.74    0.04  210.06 ^ _0823_/C (AND4x2_ASAP7_75t_R)
     6    3.69   22.26   37.71  247.77 ^ _0823_/Y (AND4x2_ASAP7_75t_R)
                                         _0184_ (net)
                 22.26    0.13  247.90 ^ _0831_/A2 (AO221x1_ASAP7_75t_R)
     1    1.03   11.40   24.10  272.00 ^ _0831_/Y (AO221x1_ASAP7_75t_R)
                                         _0192_ (net)
                 11.40    0.01  272.00 ^ _0854_/A2 (AOI211x1_ASAP7_75t_R)
     1    1.15   20.10   15.20  287.20 v _0854_/Y (AOI211x1_ASAP7_75t_R)
                                         _0721_ (net)
                 20.10    0.02  287.22 v _1461_/A (HAxp5_ASAP7_75t_R)
     1    0.80   20.83   16.77  303.99 ^ _1461_/CON (HAxp5_ASAP7_75t_R)
                                         _0727_ (net)
                 20.83    0.02  304.01 ^ _1450_/A (INVx1_ASAP7_75t_R)
     1    2.09   15.39   12.17  316.18 v _1450_/Y (INVx1_ASAP7_75t_R)
                                         _0697_ (net)
                 15.39    0.03  316.21 v _1453_/A (FAx1_ASAP7_75t_R)
     1    0.72   29.28   19.31  335.52 ^ _1453_/CON (FAx1_ASAP7_75t_R)
                                         _0700_ (net)
                 29.28    0.00  335.52 ^ rebuffer99/A (BUFx3_ASAP7_75t_R)
     7    4.87   13.56   21.19  356.71 ^ rebuffer99/Y (BUFx3_ASAP7_75t_R)
                                         net164 (net)
                 13.56    0.02  356.73 ^ _0981_/A (INVx2_ASAP7_75t_R)
     1    0.75    5.24    4.97  361.70 v _0981_/Y (INVx2_ASAP7_75t_R)
                                         _0337_ (net)
                  5.24    0.01  361.71 v _0982_/A2 (OA21x2_ASAP7_75t_R)
     1    1.16    7.31   16.46  378.18 v _0982_/Y (OA21x2_ASAP7_75t_R)
                                         _0338_ (net)
                  7.31    0.02  378.20 v _0983_/C (MAJx2_ASAP7_75t_R)
     2    2.34   12.69   25.31  403.51 v _0983_/Y (MAJx2_ASAP7_75t_R)
                                         _0693_ (net)
                 12.69    0.02  403.53 v _0984_/A2 (OA21x2_ASAP7_75t_R)
     1    0.75    6.38   17.92  421.45 v _0984_/Y (OA21x2_ASAP7_75t_R)
                                         _0339_ (net)
                  6.38    0.01  421.46 v _0985_/A2 (OA21x2_ASAP7_75t_R)
     1    1.69   10.72   17.70  439.16 v _0985_/Y (OA21x2_ASAP7_75t_R)
                                         _0696_ (net)
                 10.72    0.02  439.19 v _1452_/CI (FAx1_ASAP7_75t_R)
     1    0.72   28.58   17.25  456.44 ^ _1452_/CON (FAx1_ASAP7_75t_R)
                                         _0009_ (net)
                 28.58    0.00  456.44 ^ split23/A (BUFx3_ASAP7_75t_R)
     4    3.64    2.51   16.73  473.18 ^ split23/Y (BUFx3_ASAP7_75t_R)
                                         net88 (net)
                  2.52    0.30  473.48 ^ rebuffer17/A (BUFx6f_ASAP7_75t_R)
     5    5.13    8.64   11.61  485.09 ^ rebuffer17/Y (BUFx6f_ASAP7_75t_R)
                                         net82 (net)
                  8.67    0.31  485.40 ^ _0990_/B (NOR2x2_ASAP7_75t_R)
     7    7.38   25.39   15.42  500.82 v _0990_/Y (NOR2x2_ASAP7_75t_R)
                                         _0344_ (net)
                 25.39    0.03  500.85 v _0991_/A (AND2x4_ASAP7_75t_R)
     7    6.53   13.40   26.35  527.20 v _0991_/Y (AND2x4_ASAP7_75t_R)
                                         _0345_ (net)
                 13.42    0.29  527.49 v _1012_/A1 (AO21x1_ASAP7_75t_R)
     1    0.69    8.93   16.64  544.14 v _1012_/Y (AO21x1_ASAP7_75t_R)
                                         _0366_ (net)
                  8.93    0.01  544.14 v _1013_/B (OA21x2_ASAP7_75t_R)
     1    2.24   10.70   14.93  559.07 v _1013_/Y (OA21x2_ASAP7_75t_R)
                                         _0703_ (net)
                 10.70    0.10  559.17 v _1455_/A (FAx1_ASAP7_75t_R)
     1    1.69   39.78   24.06  583.23 ^ _1455_/CON (FAx1_ASAP7_75t_R)
                                         _0708_ (net)
                 39.78    0.02  583.25 ^ _1456_/CI (FAx1_ASAP7_75t_R)
     3    2.44    1.30   29.81  613.06 v _1456_/SN (FAx1_ASAP7_75t_R)
                                         _0030_ (net)
                  1.30    0.23  613.29 v _1111_/D (OR5x1_ASAP7_75t_R)
     1    0.58   12.69   35.68  648.96 v _1111_/Y (OR5x1_ASAP7_75t_R)
                                         _0450_ (net)
                 12.69    0.01  648.98 v _1112_/B (OA211x2_ASAP7_75t_R)
     2    2.49   13.89   30.07  679.05 v _1112_/Y (OA211x2_ASAP7_75t_R)
                                         _0451_ (net)
                 13.89    0.08  679.12 v _1116_/A1 (OA21x2_ASAP7_75t_R)
     4    3.79   14.19   22.67  701.79 v _1116_/Y (OA21x2_ASAP7_75t_R)
                                         _0454_ (net)
                 14.19    0.07  701.86 v _1122_/A1 (OA21x2_ASAP7_75t_R)
     3    3.05   12.21   21.66  723.53 v _1122_/Y (OA21x2_ASAP7_75t_R)
                                         _0459_ (net)
                 12.21    0.07  723.60 v _1123_/C (OR3x1_ASAP7_75t_R)
     2    1.78   16.84   28.74  752.33 v _1123_/Y (OR3x1_ASAP7_75t_R)
                                         _0460_ (net)
                 16.84    0.02  752.35 v _1124_/A (NAND2x1_ASAP7_75t_R)
     1    2.08   21.90   17.27  769.62 ^ _1124_/Y (NAND2x1_ASAP7_75t_R)
                                         _0710_ (net)
                 21.90    0.03  769.65 ^ _1457_/A (FAx1_ASAP7_75t_R)
     1    1.06   23.55   18.28  787.93 v _1457_/CON (FAx1_ASAP7_75t_R)
                                         _0032_ (net)
                 23.55    0.01  787.94 v _1438_/A (XOR2x2_ASAP7_75t_R)
     1    0.66    7.99   30.87  818.81 ^ _1438_/Y (XOR2x2_ASAP7_75t_R)
                                         _0683_ (net)
                  7.99    0.02  818.83 ^ _1439_/A (AND2x2_ASAP7_75t_R)
     1    0.76    7.42   15.98  834.81 ^ _1439_/Y (AND2x2_ASAP7_75t_R)
                                         _0113_ (net)
                  7.42    0.02  834.83 ^ _1509_/D (DFFHQNx3_ASAP7_75t_R)
                                834.83   data arrival time

                        800.00  800.00   clock clk (rise edge)
                          0.00  800.00   clock source latency
     1    1.82    0.00    0.00  800.00 ^ clk (in)
                                         clk (net)
                  0.61    0.19  800.19 ^ clkbuf_0_clk/A (BUFx4_ASAP7_75t_R)
     4    3.47   10.58   17.08  817.28 ^ clkbuf_0_clk/Y (BUFx4_ASAP7_75t_R)
                                         clknet_0_clk (net)
                 10.59    0.10  817.38 ^ clkbuf_2_2__f_clk/A (BUFx4_ASAP7_75t_R)
    10    6.01   14.47   22.51  839.89 ^ clkbuf_2_2__f_clk/Y (BUFx4_ASAP7_75t_R)
                                         clknet_2_2__leaf_clk (net)
                 14.50    0.35  840.24 ^ _1509_/CLK (DFFHQNx3_ASAP7_75t_R)
                          0.00  840.24   clock reconvergence pessimism
                         -5.26  834.97   library setup time
                                834.97   data required time
-----------------------------------------------------------------------------
                                834.97   data required time
                               -834.83   data arrival time
-----------------------------------------------------------------------------
                                  0.15   slack (MET)



==========================================================================
cts final report_checks -unconstrained
--------------------------------------------------------------------------
Startpoint: x[10] (input port clocked by clk)
Endpoint: _1509_ (rising edge-triggered flip-flop clocked by clk)
Path Group: clk
Path Type: max

Fanout     Cap    Slew   Delay    Time   Description
-----------------------------------------------------------------------------
                          0.00    0.00   clock clk (rise edge)
                          0.00    0.00   clock network delay (propagated)
                         80.00   80.00 v input external delay
     1    1.66    0.00    0.00   80.00 v x[10] (in)
                                         x[10] (net)
                  0.20    0.06   80.06 v input3/A (BUFx6f_ASAP7_75t_R)
    11    8.47   10.81   12.89   92.95 v input3/Y (BUFx6f_ASAP7_75t_R)
                                         net3 (net)
                 10.81    0.15   93.11 v _0768_/C (AND4x1_ASAP7_75t_R)
     2    1.15    9.28   16.41  109.52 v _0768_/Y (AND4x1_ASAP7_75t_R)
                                         _0131_ (net)
                  9.28    0.01  109.53 v _0770_/B1 (AO32x2_ASAP7_75t_R)
     6    5.04   20.01   32.89  142.43 v _0770_/Y (AO32x2_ASAP7_75t_R)
                                         _0133_ (net)
                 20.02    0.23  142.66 v rebuffer30/A (BUFx6f_ASAP7_75t_R)
     4    3.81    7.04   16.93  159.58 v rebuffer30/Y (BUFx6f_ASAP7_75t_R)
                                         net95 (net)
                  7.05    0.17  159.76 v _0772_/A (INVx2_ASAP7_75t_R)
     2    1.35    6.07    5.33  165.09 ^ _0772_/Y (INVx2_ASAP7_75t_R)
                                         _0134_ (net)
                  6.07    0.01  165.10 ^ _0795_/A (OR3x1_ASAP7_75t_R)
     1    0.98    9.65   12.37  177.47 ^ _0795_/Y (OR3x1_ASAP7_75t_R)
                                         _0157_ (net)
                  9.65    0.06  177.53 ^ _0809_/C (AND4x2_ASAP7_75t_R)
     3    1.96   15.74   32.49  210.02 ^ _0809_/Y (AND4x2_ASAP7_75t_R)
                                         _0171_ (net)
                 15.74    0.04  210.06 ^ _0823_/C (AND4x2_ASAP7_75t_R)
     6    3.69   22.26   37.71  247.77 ^ _0823_/Y (AND4x2_ASAP7_75t_R)
                                         _0184_ (net)
                 22.26    0.13  247.90 ^ _0831_/A2 (AO221x1_ASAP7_75t_R)
     1    1.03   11.40   24.10  272.00 ^ _0831_/Y (AO221x1_ASAP7_75t_R)
                                         _0192_ (net)
                 11.40    0.01  272.00 ^ _0854_/A2 (AOI211x1_ASAP7_75t_R)
     1    1.15   20.10   15.20  287.20 v _0854_/Y (AOI211x1_ASAP7_75t_R)
                                         _0721_ (net)
                 20.10    0.02  287.22 v _1461_/A (HAxp5_ASAP7_75t_R)
     1    0.80   20.83   16.77  303.99 ^ _1461_/CON (HAxp5_ASAP7_75t_R)
                                         _0727_ (net)
                 20.83    0.02  304.01 ^ _1450_/A (INVx1_ASAP7_75t_R)
     1    2.09   15.39   12.17  316.18 v _1450_/Y (INVx1_ASAP7_75t_R)
                                         _0697_ (net)
                 15.39    0.03  316.21 v _1453_/A (FAx1_ASAP7_75t_R)
     1    0.72   29.28   19.31  335.52 ^ _1453_/CON (FAx1_ASAP7_75t_R)
                                         _0700_ (net)
                 29.28    0.00  335.52 ^ rebuffer99/A (BUFx3_ASAP7_75t_R)
     7    4.87   13.56   21.19  356.71 ^ rebuffer99/Y (BUFx3_ASAP7_75t_R)
                                         net164 (net)
                 13.56    0.02  356.73 ^ _0981_/A (INVx2_ASAP7_75t_R)
     1    0.75    5.24    4.97  361.70 v _0981_/Y (INVx2_ASAP7_75t_R)
                                         _0337_ (net)
                  5.24    0.01  361.71 v _0982_/A2 (OA21x2_ASAP7_75t_R)
     1    1.16    7.31   16.46  378.18 v _0982_/Y (OA21x2_ASAP7_75t_R)
                                         _0338_ (net)
                  7.31    0.02  378.20 v _0983_/C (MAJx2_ASAP7_75t_R)
     2    2.34   12.69   25.31  403.51 v _0983_/Y (MAJx2_ASAP7_75t_R)
                                         _0693_ (net)
                 12.69    0.02  403.53 v _0984_/A2 (OA21x2_ASAP7_75t_R)
     1    0.75    6.38   17.92  421.45 v _0984_/Y (OA21x2_ASAP7_75t_R)
                                         _0339_ (net)
                  6.38    0.01  421.46 v _0985_/A2 (OA21x2_ASAP7_75t_R)
     1    1.69   10.72   17.70  439.16 v _0985_/Y (OA21x2_ASAP7_75t_R)
                                         _0696_ (net)
                 10.72    0.02  439.19 v _1452_/CI (FAx1_ASAP7_75t_R)
     1    0.72   28.58   17.25  456.44 ^ _1452_/CON (FAx1_ASAP7_75t_R)
                                         _0009_ (net)
                 28.58    0.00  456.44 ^ split23/A (BUFx3_ASAP7_75t_R)
     4    3.64    2.51   16.73  473.18 ^ split23/Y (BUFx3_ASAP7_75t_R)
                                         net88 (net)
                  2.52    0.30  473.48 ^ rebuffer17/A (BUFx6f_ASAP7_75t_R)
     5    5.13    8.64   11.61  485.09 ^ rebuffer17/Y (BUFx6f_ASAP7_75t_R)
                                         net82 (net)
                  8.67    0.31  485.40 ^ _0990_/B (NOR2x2_ASAP7_75t_R)
     7    7.38   25.39   15.42  500.82 v _0990_/Y (NOR2x2_ASAP7_75t_R)
                                         _0344_ (net)
                 25.39    0.03  500.85 v _0991_/A (AND2x4_ASAP7_75t_R)
     7    6.53   13.40   26.35  527.20 v _0991_/Y (AND2x4_ASAP7_75t_R)
                                         _0345_ (net)
                 13.42    0.29  527.49 v _1012_/A1 (AO21x1_ASAP7_75t_R)
     1    0.69    8.93   16.64  544.14 v _1012_/Y (AO21x1_ASAP7_75t_R)
                                         _0366_ (net)
                  8.93    0.01  544.14 v _1013_/B (OA21x2_ASAP7_75t_R)
     1    2.24   10.70   14.93  559.07 v _1013_/Y (OA21x2_ASAP7_75t_R)
                                         _0703_ (net)
                 10.70    0.10  559.17 v _1455_/A (FAx1_ASAP7_75t_R)
     1    1.69   39.78   24.06  583.23 ^ _1455_/CON (FAx1_ASAP7_75t_R)
                                         _0708_ (net)
                 39.78    0.02  583.25 ^ _1456_/CI (FAx1_ASAP7_75t_R)
     3    2.44    1.30   29.81  613.06 v _1456_/SN (FAx1_ASAP7_75t_R)
                                         _0030_ (net)
                  1.30    0.23  613.29 v _1111_/D (OR5x1_ASAP7_75t_R)
     1    0.58   12.69   35.68  648.96 v _1111_/Y (OR5x1_ASAP7_75t_R)
                                         _0450_ (net)
                 12.69    0.01  648.98 v _1112_/B (OA211x2_ASAP7_75t_R)
     2    2.49   13.89   30.07  679.05 v _1112_/Y (OA211x2_ASAP7_75t_R)
                                         _0451_ (net)
                 13.89    0.08  679.12 v _1116_/A1 (OA21x2_ASAP7_75t_R)
     4    3.79   14.19   22.67  701.79 v _1116_/Y (OA21x2_ASAP7_75t_R)
                                         _0454_ (net)
                 14.19    0.07  701.86 v _1122_/A1 (OA21x2_ASAP7_75t_R)
     3    3.05   12.21   21.66  723.53 v _1122_/Y (OA21x2_ASAP7_75t_R)
                                         _0459_ (net)
                 12.21    0.07  723.60 v _1123_/C (OR3x1_ASAP7_75t_R)
     2    1.78   16.84   28.74  752.33 v _1123_/Y (OR3x1_ASAP7_75t_R)
                                         _0460_ (net)
                 16.84    0.02  752.35 v _1124_/A (NAND2x1_ASAP7_75t_R)
     1    2.08   21.90   17.27  769.62 ^ _1124_/Y (NAND2x1_ASAP7_75t_R)
                                         _0710_ (net)
                 21.90    0.03  769.65 ^ _1457_/A (FAx1_ASAP7_75t_R)
     1    1.06   23.55   18.28  787.93 v _1457_/CON (FAx1_ASAP7_75t_R)
                                         _0032_ (net)
                 23.55    0.01  787.94 v _1438_/A (XOR2x2_ASAP7_75t_R)
     1    0.66    7.99   30.87  818.81 ^ _1438_/Y (XOR2x2_ASAP7_75t_R)
                                         _0683_ (net)
                  7.99    0.02  818.83 ^ _1439_/A (AND2x2_ASAP7_75t_R)
     1    0.76    7.42   15.98  834.81 ^ _1439_/Y (AND2x2_ASAP7_75t_R)
                                         _0113_ (net)
                  7.42    0.02  834.83 ^ _1509_/D (DFFHQNx3_ASAP7_75t_R)
                                834.83   data arrival time

                        800.00  800.00   clock clk (rise edge)
                          0.00  800.00   clock source latency
     1    1.82    0.00    0.00  800.00 ^ clk (in)
                                         clk (net)
                  0.61    0.19  800.19 ^ clkbuf_0_clk/A (BUFx4_ASAP7_75t_R)
     4    3.47   10.58   17.08  817.28 ^ clkbuf_0_clk/Y (BUFx4_ASAP7_75t_R)
                                         clknet_0_clk (net)
                 10.59    0.10  817.38 ^ clkbuf_2_2__f_clk/A (BUFx4_ASAP7_75t_R)
    10    6.01   14.47   22.51  839.89 ^ clkbuf_2_2__f_clk/Y (BUFx4_ASAP7_75t_R)
                                         clknet_2_2__leaf_clk (net)
                 14.50    0.35  840.24 ^ _1509_/CLK (DFFHQNx3_ASAP7_75t_R)
                          0.00  840.24   clock reconvergence pessimism
                         -5.26  834.97   library setup time
                                834.97   data required time
-----------------------------------------------------------------------------
                                834.97   data required time
                               -834.83   data arrival time
-----------------------------------------------------------------------------
                                  0.15   slack (MET)



==========================================================================
cts final report_check_types -max_slew -max_cap -max_fanout -violators
--------------------------------------------------------------------------

==========================================================================
cts final max_slew_check_slack
--------------------------------------------------------------------------
216.2216033935547

==========================================================================
cts final max_slew_check_limit
--------------------------------------------------------------------------
320.0

==========================================================================
cts final max_slew_check_slack_limit
--------------------------------------------------------------------------
0.6757

==========================================================================
cts final max_fanout_check_slack
--------------------------------------------------------------------------
1.0000000150474662e+30

==========================================================================
cts final max_fanout_check_limit
--------------------------------------------------------------------------
1.0000000150474662e+30

==========================================================================
cts final max_capacitance_check_slack
--------------------------------------------------------------------------
15.785393714904785

==========================================================================
cts final max_capacitance_check_limit
--------------------------------------------------------------------------
23.040000915527344

==========================================================================
cts final max_capacitance_check_slack_limit
--------------------------------------------------------------------------
0.6851

==========================================================================
cts final max_slew_violation_count
--------------------------------------------------------------------------
max slew violation count 0

==========================================================================
cts final max_fanout_violation_count
--------------------------------------------------------------------------
max fanout violation count 0

==========================================================================
cts final max_cap_violation_count
--------------------------------------------------------------------------
max cap violation count 0

==========================================================================
cts final setup_violation_count
--------------------------------------------------------------------------
setup violation count 0

==========================================================================
cts final hold_violation_count
--------------------------------------------------------------------------
hold violation count 0

==========================================================================
cts final critical path delay
--------------------------------------------------------------------------
834.8274

==========================================================================
cts final critical path slack
--------------------------------------------------------------------------
0.1473

==========================================================================
cts final slack div critical path delay
--------------------------------------------------------------------------
0.017644

==========================================================================
cts final report_power
--------------------------------------------------------------------------
Group                  Internal  Switching    Leakage      Total
                          Power      Power      Power      Power (Watts)
----------------------------------------------------------------
Sequential             9.60e-05   3.82e-06   7.43e-09   9.98e-05  28.2%
Combinational          1.11e-04   1.11e-04   7.11e-08   2.22e-04  62.7%
Clock                  1.50e-05   1.71e-05   3.81e-10   3.20e-05   9.1%
Macro                  0.00e+00   0.00e+00   0.00e+00   0.00e+00   0.0%
Pad                    0.00e+00   0.00e+00   0.00e+00   0.00e+00   0.0%
----------------------------------------------------------------
Total                  2.22e-04   1.32e-04   7.89e-08   3.53e-04 100.0%
                          62.8%      37.2%       0.0%
