
==========================================================================
finish check_setup
--------------------------------------------------------------------------
1

==========================================================================
finish report_tns
--------------------------------------------------------------------------
tns 0.00

==========================================================================
finish report_wns
--------------------------------------------------------------------------
wns 0.00

==========================================================================
finish report_worst_slack
--------------------------------------------------------------------------
worst slack 28.89

==========================================================================
finish report_clock_skew
--------------------------------------------------------------------------
Clock clk
No launch/capture paths found.


==========================================================================
finish report_checks -path_delay min
--------------------------------------------------------------------------
Startpoint: rst (input port clocked by clk)
Endpoint: _1494_ (rising edge-triggered flip-flop clocked by clk)
Path Group: clk
Path Type: min

Fanout     Cap    Slew   Delay    Time   Description
-----------------------------------------------------------------------------
                          0.00    0.00   clock clk (rise edge)
                          0.00    0.00   clock network delay (propagated)
                         80.00   80.00 ^ input external delay
     1    1.31    0.00    0.00   80.00 ^ rst (in)
                                         rst (net)
                  0.32    0.10   80.10 ^ input1/A (BUFx6f_ASAP7_75t_R)
     7    9.48   14.07   12.58   92.68 ^ input1/Y (BUFx6f_ASAP7_75t_R)
                                         net1 (net)
                 14.52    1.37   94.05 ^ _1407_/A (NOR2x1_ASAP7_75t_R)
     1    0.57    9.54   10.07  104.12 v _1407_/Y (NOR2x1_ASAP7_75t_R)
                                         _0098_ (net)
                  9.54    0.04  104.17 v _1494_/D (DFFHQNx1_ASAP7_75t_R)
                                104.17   data arrival time

                          0.00    0.00   clock clk (rise edge)
                          0.00    0.00   clock source latency
     1    1.77    0.00    0.00    0.00 ^ clk (in)
                                         clk (net)
                  0.73    0.23    0.23 ^ clkbuf_0_clk/A (BUFx4_ASAP7_75t_R)
     4    3.37    9.64   16.49   16.72 ^ clkbuf_0_clk/Y (BUFx4_ASAP7_75t_R)
                                         clknet_0_clk (net)
                  9.67    0.26   16.98 ^ clkbuf_2_1__f_clk/A (BUFx4_ASAP7_75t_R)
     9    5.25   11.98   20.58   37.56 ^ clkbuf_2_1__f_clk/Y (BUFx4_ASAP7_75t_R)
                                         clknet_2_1__leaf_clk (net)
                 12.01    0.28   37.84 ^ _1494_/CLK (DFFHQNx1_ASAP7_75t_R)
                          0.00   37.84   clock reconvergence pessimism
                         11.29   49.14   library hold time
                                 49.14   data required time
-----------------------------------------------------------------------------
                                 49.14   data required time
                               -104.17   data arrival time
-----------------------------------------------------------------------------
                                 55.03   slack (MET)



==========================================================================
finish report_checks -path_delay max
--------------------------------------------------------------------------
Startpoint: y[15] (input port clocked by clk)
Endpoint: _1510_ (rising edge-triggered flip-flop clocked by clk)
Path Group: clk
Path Type: max

Fanout     Cap    Slew   Delay    Time   Description
-----------------------------------------------------------------------------
                          0.00    0.00   clock clk (rise edge)
                          0.00    0.00   clock network delay (propagated)
                         80.00   80.00 ^ input external delay
     1    2.88    0.00    0.00   80.00 ^ y[15] (in)
                                         y[15] (net)
                  0.68    0.21   80.21 ^ input24/A (BUFx16f_ASAP7_75t_R)
    44   47.09   20.71   13.60   93.81 ^ input24/Y (BUFx16f_ASAP7_75t_R)
                                         net24 (net)
                 62.25   18.98  112.79 ^ _0877_/A (NOR2x1_ASAP7_75t_R)
     2    2.00   24.63   23.67  136.46 v _0877_/Y (NOR2x1_ASAP7_75t_R)
                                         _0237_ (net)
                 24.63    0.12  136.58 v _0879_/A2 (AOI21x1_ASAP7_75t_R)
    10    7.42   43.80   25.80  162.38 ^ _0879_/Y (AOI21x1_ASAP7_75t_R)
                                         _0239_ (net)
                 44.00    1.67  164.04 ^ _0891_/B (OR2x6_ASAP7_75t_R)
     5   10.25   15.96   32.04  196.08 ^ _0891_/Y (OR2x6_ASAP7_75t_R)
                                         _0251_ (net)
                 16.52    1.61  197.69 ^ _0893_/A (INVx8_ASAP7_75t_R)
    10    9.68   10.04    7.46  205.15 v _0893_/Y (INVx8_ASAP7_75t_R)
                                         _0695_ (net)
                 10.17    0.66  205.80 v _0900_/B (AND3x1_ASAP7_75t_R)
     2    1.21    8.23   14.76  220.56 v _0900_/Y (AND3x1_ASAP7_75t_R)
                                         _0259_ (net)
                  8.24    0.03  220.60 v _0901_/A (INVx1_ASAP7_75t_R)
     1    1.28    8.71    6.92  227.52 ^ _0901_/Y (INVx1_ASAP7_75t_R)
                                         _0260_ (net)
                  8.72    0.15  227.67 ^ _0913_/A (AND4x2_ASAP7_75t_R)
     4    3.57   18.12   31.36  259.03 ^ _0913_/Y (AND4x2_ASAP7_75t_R)
                                         _0272_ (net)
                 18.15    0.43  259.46 ^ _1259_/A (AND2x2_ASAP7_75t_R)
     1    0.98    7.81   18.46  277.92 ^ _1259_/Y (AND2x2_ASAP7_75t_R)
                                         _0550_ (net)
                  7.81    0.07  277.99 ^ _1279_/A1 (AOI211x1_ASAP7_75t_R)
     1    1.50   21.36   13.88  291.87 v _1279_/Y (AOI211x1_ASAP7_75t_R)
                                         _0722_ (net)
                 21.37    0.23  292.10 v _1461_/B (HAxp5_ASAP7_75t_R)
     1    0.71   18.83   14.92  307.02 ^ _1461_/CON (HAxp5_ASAP7_75t_R)
                                         _0727_ (net)
                 18.83    0.04  307.05 ^ _1450_/A (INVx1_ASAP7_75t_R)
     1    2.08   13.90   10.97  318.03 v _1450_/Y (INVx1_ASAP7_75t_R)
                                         _0697_ (net)
                 13.91    0.13  318.16 v _1453_/A (FAx1_ASAP7_75t_R)
     1    0.80   27.78   18.44  336.59 ^ _1453_/CON (FAx1_ASAP7_75t_R)
                                         _0700_ (net)
                 27.78    0.04  336.64 ^ rebuffer99/A (BUFx3_ASAP7_75t_R)
     7    5.28   12.23   20.13  356.76 ^ rebuffer99/Y (BUFx3_ASAP7_75t_R)
                                         net164 (net)
                 12.25    0.24  357.00 ^ _0981_/A (INVx2_ASAP7_75t_R)
     1    0.84    4.66    4.53  361.53 v _0981_/Y (INVx2_ASAP7_75t_R)
                                         _0337_ (net)
                  4.66    0.06  361.59 v _0982_/A2 (OA21x2_ASAP7_75t_R)
     1    1.18    7.08   16.10  377.69 v _0982_/Y (OA21x2_ASAP7_75t_R)
                                         _0338_ (net)
                  7.08    0.09  377.78 v _0983_/C (MAJx2_ASAP7_75t_R)
     2    2.36   11.06   24.06  401.84 v _0983_/Y (MAJx2_ASAP7_75t_R)
                                         _0693_ (net)
                 11.07    0.09  401.94 v _0984_/A2 (OA21x2_ASAP7_75t_R)
     1    0.76    5.82   17.01  418.94 v _0984_/Y (OA21x2_ASAP7_75t_R)
                                         _0339_ (net)
                  5.82    0.04  418.98 v _0985_/A2 (OA21x2_ASAP7_75t_R)
     1    1.70    9.52   16.97  435.95 v _0985_/Y (OA21x2_ASAP7_75t_R)
                                         _0696_ (net)
                  9.52    0.09  436.04 v _1452_/CI (FAx1_ASAP7_75t_R)
     1    0.77   27.02   16.27  452.30 ^ _1452_/CON (FAx1_ASAP7_75t_R)
                                         _0009_ (net)
                 27.02    0.02  452.32 ^ split23/A (BUFx3_ASAP7_75t_R)
     4    3.80    2.17   16.27  468.59 ^ split23/Y (BUFx3_ASAP7_75t_R)
                                         net88 (net)
                  2.20    0.59  469.18 ^ rebuffer20/A (BUFx2_ASAP7_75t_R)
     2    1.59    7.34   11.75  480.93 ^ rebuffer20/Y (BUFx2_ASAP7_75t_R)
                                         net85 (net)
                  7.36    0.20  481.13 ^ _1087_/A (AND2x2_ASAP7_75t_R)
     4    4.16   14.21   19.82  500.96 ^ _1087_/Y (AND2x2_ASAP7_75t_R)
                                         _0432_ (net)
                 14.22    0.14  501.09 ^ _1088_/B (AND2x4_ASAP7_75t_R)
     6    6.44   13.77   20.69  521.78 ^ _1088_/Y (AND2x4_ASAP7_75t_R)
                                         _0433_ (net)
                 13.79    0.32  522.11 ^ _1107_/A2 (AOI221x1_ASAP7_75t_R)
     1    0.72   23.08   13.34  535.44 v _1107_/Y (AOI221x1_ASAP7_75t_R)
                                         _0447_ (net)
                 23.08    0.05  535.49 v _1108_/B (AO21x1_ASAP7_75t_R)
     1    1.46   10.47   20.48  555.97 v _1108_/Y (AO21x1_ASAP7_75t_R)
                                         _0744_ (net)
                 10.48    0.24  556.21 v _1474_/A (HAxp5_ASAP7_75t_R)
     3    2.17   36.56   35.87  592.08 v _1474_/SN (HAxp5_ASAP7_75t_R)
                                         _0083_ (net)
                 36.56    0.17  592.25 v _1111_/E (OR5x1_ASAP7_75t_R)
     1    0.58   12.09   42.02  634.27 v _1111_/Y (OR5x1_ASAP7_75t_R)
                                         _0450_ (net)
                 12.09    0.06  634.34 v _1112_/B (OA211x2_ASAP7_75t_R)
     2    2.52   12.88   29.00  663.33 v _1112_/Y (OA211x2_ASAP7_75t_R)
                                         _0451_ (net)
                 12.88    0.19  663.53 v _1116_/A1 (OA21x2_ASAP7_75t_R)
     4    3.92   12.22   21.24  684.77 v _1116_/Y (OA21x2_ASAP7_75t_R)
                                         _0454_ (net)
                 12.26    0.36  685.13 v _1122_/A1 (OA21x2_ASAP7_75t_R)
     3    3.01   10.24   19.79  704.92 v _1122_/Y (OA21x2_ASAP7_75t_R)
                                         _0459_ (net)
                 10.26    0.22  705.14 v _1123_/C (OR3x1_ASAP7_75t_R)
     2    1.83   14.06   26.67  731.81 v _1123_/Y (OR3x1_ASAP7_75t_R)
                                         _0460_ (net)
                 14.06    0.11  731.93 v _1441_/A2 (AO21x1_ASAP7_75t_R)
     1    0.82    6.70   15.49  747.41 v _1441_/Y (AO21x1_ASAP7_75t_R)
                                         _0685_ (net)
                  6.70    0.06  747.47 v _1442_/A2 (AO21x1_ASAP7_75t_R)
     1    0.66    6.30   13.04  760.51 v _1442_/Y (AO21x1_ASAP7_75t_R)
                                         _0686_ (net)
                  6.30    0.03  760.55 v _1443_/B (AND2x2_ASAP7_75t_R)
     2    2.44   10.27   17.49  778.04 v _1443_/Y (AND2x2_ASAP7_75t_R)
                                         _0687_ (net)
                 10.27    0.11  778.14 v _1444_/B (XNOR2x1_ASAP7_75t_R)
     1    0.72   11.71    9.26  787.40 ^ _1444_/Y (XNOR2x1_ASAP7_75t_R)
                                         _0688_ (net)
                 11.71    0.05  787.45 ^ _1445_/B (AND2x2_ASAP7_75t_R)
     1    0.63    6.76   16.89  804.34 ^ _1445_/Y (AND2x2_ASAP7_75t_R)
                                         _0114_ (net)
                  6.76    0.04  804.38 ^ _1510_/D (DFFHQNx3_ASAP7_75t_R)
                                804.38   data arrival time

                        800.00  800.00   clock clk (rise edge)
                          0.00  800.00   clock source latency
     1    1.64    0.00    0.00  800.00 ^ clk (in)
                                         clk (net)
                  0.64    0.20  800.20 ^ clkbuf_0_clk/A (BUFx4_ASAP7_75t_R)
     4    2.81    9.64   16.46  816.66 ^ clkbuf_0_clk/Y (BUFx4_ASAP7_75t_R)
                                         clknet_0_clk (net)
                  9.67    0.22  816.88 ^ clkbuf_2_2__f_clk/A (BUFx4_ASAP7_75t_R)
    10    4.81   13.15   21.00  837.88 ^ clkbuf_2_2__f_clk/Y (BUFx4_ASAP7_75t_R)
                                         clknet_2_2__leaf_clk (net)
                 13.28    0.74  838.62 ^ _1510_/CLK (DFFHQNx3_ASAP7_75t_R)
                          0.00  838.62   clock reconvergence pessimism
                         -5.34  833.27   library setup time
                                833.27   data required time
-----------------------------------------------------------------------------
                                833.27   data required time
                               -804.38   data arrival time
-----------------------------------------------------------------------------
                                 28.89   slack (MET)



==========================================================================
finish report_checks -unconstrained
--------------------------------------------------------------------------
Startpoint: y[15] (input port clocked by clk)
Endpoint: _1510_ (rising edge-triggered flip-flop clocked by clk)
Path Group: clk
Path Type: max

Fanout     Cap    Slew   Delay    Time   Description
-----------------------------------------------------------------------------
                          0.00    0.00   clock clk (rise edge)
                          0.00    0.00   clock network delay (propagated)
                         80.00   80.00 ^ input external delay
     1    2.88    0.00    0.00   80.00 ^ y[15] (in)
                                         y[15] (net)
                  0.68    0.21   80.21 ^ input24/A (BUFx16f_ASAP7_75t_R)
    44   47.09   20.71   13.60   93.81 ^ input24/Y (BUFx16f_ASAP7_75t_R)
                                         net24 (net)
                 62.25   18.98  112.79 ^ _0877_/A (NOR2x1_ASAP7_75t_R)
     2    2.00   24.63   23.67  136.46 v _0877_/Y (NOR2x1_ASAP7_75t_R)
                                         _0237_ (net)
                 24.63    0.12  136.58 v _0879_/A2 (AOI21x1_ASAP7_75t_R)
    10    7.42   43.80   25.80  162.38 ^ _0879_/Y (AOI21x1_ASAP7_75t_R)
                                         _0239_ (net)
                 44.00    1.67  164.04 ^ _0891_/B (OR2x6_ASAP7_75t_R)
     5   10.25   15.96   32.04  196.08 ^ _0891_/Y (OR2x6_ASAP7_75t_R)
                                         _0251_ (net)
                 16.52    1.61  197.69 ^ _0893_/A (INVx8_ASAP7_75t_R)
    10    9.68   10.04    7.46  205.15 v _0893_/Y (INVx8_ASAP7_75t_R)
                                         _0695_ (net)
                 10.17    0.66  205.80 v _0900_/B (AND3x1_ASAP7_75t_R)
     2    1.21    8.23   14.76  220.56 v _0900_/Y (AND3x1_ASAP7_75t_R)
                                         _0259_ (net)
                  8.24    0.03  220.60 v _0901_/A (INVx1_ASAP7_75t_R)
     1    1.28    8.71    6.92  227.52 ^ _0901_/Y (INVx1_ASAP7_75t_R)
                                         _0260_ (net)
                  8.72    0.15  227.67 ^ _0913_/A (AND4x2_ASAP7_75t_R)
     4    3.57   18.12   31.36  259.03 ^ _0913_/Y (AND4x2_ASAP7_75t_R)
                                         _0272_ (net)
                 18.15    0.43  259.46 ^ _1259_/A (AND2x2_ASAP7_75t_R)
     1    0.98    7.81   18.46  277.92 ^ _1259_/Y (AND2x2_ASAP7_75t_R)
                                         _0550_ (net)
                  7.81    0.07  277.99 ^ _1279_/A1 (AOI211x1_ASAP7_75t_R)
     1    1.50   21.36   13.88  291.87 v _1279_/Y (AOI211x1_ASAP7_75t_R)
                                         _0722_ (net)
                 21.37    0.23  292.10 v _1461_/B (HAxp5_ASAP7_75t_R)
     1    0.71   18.83   14.92  307.02 ^ _1461_/CON (HAxp5_ASAP7_75t_R)
                                         _0727_ (net)
                 18.83    0.04  307.05 ^ _1450_/A (INVx1_ASAP7_75t_R)
     1    2.08   13.90   10.97  318.03 v _1450_/Y (INVx1_ASAP7_75t_R)
                                         _0697_ (net)
                 13.91    0.13  318.16 v _1453_/A (FAx1_ASAP7_75t_R)
     1    0.80   27.78   18.44  336.59 ^ _1453_/CON (FAx1_ASAP7_75t_R)
                                         _0700_ (net)
                 27.78    0.04  336.64 ^ rebuffer99/A (BUFx3_ASAP7_75t_R)
     7    5.28   12.23   20.13  356.76 ^ rebuffer99/Y (BUFx3_ASAP7_75t_R)
                                         net164 (net)
                 12.25    0.24  357.00 ^ _0981_/A (INVx2_ASAP7_75t_R)
     1    0.84    4.66    4.53  361.53 v _0981_/Y (INVx2_ASAP7_75t_R)
                                         _0337_ (net)
                  4.66    0.06  361.59 v _0982_/A2 (OA21x2_ASAP7_75t_R)
     1    1.18    7.08   16.10  377.69 v _0982_/Y (OA21x2_ASAP7_75t_R)
                                         _0338_ (net)
                  7.08    0.09  377.78 v _0983_/C (MAJx2_ASAP7_75t_R)
     2    2.36   11.06   24.06  401.84 v _0983_/Y (MAJx2_ASAP7_75t_R)
                                         _0693_ (net)
                 11.07    0.09  401.94 v _0984_/A2 (OA21x2_ASAP7_75t_R)
     1    0.76    5.82   17.01  418.94 v _0984_/Y (OA21x2_ASAP7_75t_R)
                                         _0339_ (net)
                  5.82    0.04  418.98 v _0985_/A2 (OA21x2_ASAP7_75t_R)
     1    1.70    9.52   16.97  435.95 v _0985_/Y (OA21x2_ASAP7_75t_R)
                                         _0696_ (net)
                  9.52    0.09  436.04 v _1452_/CI (FAx1_ASAP7_75t_R)
     1    0.77   27.02   16.27  452.30 ^ _1452_/CON (FAx1_ASAP7_75t_R)
                                         _0009_ (net)
                 27.02    0.02  452.32 ^ split23/A (BUFx3_ASAP7_75t_R)
     4    3.80    2.17   16.27  468.59 ^ split23/Y (BUFx3_ASAP7_75t_R)
                                         net88 (net)
                  2.20    0.59  469.18 ^ rebuffer20/A (BUFx2_ASAP7_75t_R)
     2    1.59    7.34   11.75  480.93 ^ rebuffer20/Y (BUFx2_ASAP7_75t_R)
                                         net85 (net)
                  7.36    0.20  481.13 ^ _1087_/A (AND2x2_ASAP7_75t_R)
     4    4.16   14.21   19.82  500.96 ^ _1087_/Y (AND2x2_ASAP7_75t_R)
                                         _0432_ (net)
                 14.22    0.14  501.09 ^ _1088_/B (AND2x4_ASAP7_75t_R)
     6    6.44   13.77   20.69  521.78 ^ _1088_/Y (AND2x4_ASAP7_75t_R)
                                         _0433_ (net)
                 13.79    0.32  522.11 ^ _1107_/A2 (AOI221x1_ASAP7_75t_R)
     1    0.72   23.08   13.34  535.44 v _1107_/Y (AOI221x1_ASAP7_75t_R)
                                         _0447_ (net)
                 23.08    0.05  535.49 v _1108_/B (AO21x1_ASAP7_75t_R)
     1    1.46   10.47   20.48  555.97 v _1108_/Y (AO21x1_ASAP7_75t_R)
                                         _0744_ (net)
                 10.48    0.24  556.21 v _1474_/A (HAxp5_ASAP7_75t_R)
     3    2.17   36.56   35.87  592.08 v _1474_/SN (HAxp5_ASAP7_75t_R)
                                         _0083_ (net)
                 36.56    0.17  592.25 v _1111_/E (OR5x1_ASAP7_75t_R)
     1    0.58   12.09   42.02  634.27 v _1111_/Y (OR5x1_ASAP7_75t_R)
                                         _0450_ (net)
                 12.09    0.06  634.34 v _1112_/B (OA211x2_ASAP7_75t_R)
     2    2.52   12.88   29.00  663.33 v _1112_/Y (OA211x2_ASAP7_75t_R)
                                         _0451_ (net)
                 12.88    0.19  663.53 v _1116_/A1 (OA21x2_ASAP7_75t_R)
     4    3.92   12.22   21.24  684.77 v _1116_/Y (OA21x2_ASAP7_75t_R)
                                         _0454_ (net)
                 12.26    0.36  685.13 v _1122_/A1 (OA21x2_ASAP7_75t_R)
     3    3.01   10.24   19.79  704.92 v _1122_/Y (OA21x2_ASAP7_75t_R)
                                         _0459_ (net)
                 10.26    0.22  705.14 v _1123_/C (OR3x1_ASAP7_75t_R)
     2    1.83   14.06   26.67  731.81 v _1123_/Y (OR3x1_ASAP7_75t_R)
                                         _0460_ (net)
                 14.06    0.11  731.93 v _1441_/A2 (AO21x1_ASAP7_75t_R)
     1    0.82    6.70   15.49  747.41 v _1441_/Y (AO21x1_ASAP7_75t_R)
                                         _0685_ (net)
                  6.70    0.06  747.47 v _1442_/A2 (AO21x1_ASAP7_75t_R)
     1    0.66    6.30   13.04  760.51 v _1442_/Y (AO21x1_ASAP7_75t_R)
                                         _0686_ (net)
                  6.30    0.03  760.55 v _1443_/B (AND2x2_ASAP7_75t_R)
     2    2.44   10.27   17.49  778.04 v _1443_/Y (AND2x2_ASAP7_75t_R)
                                         _0687_ (net)
                 10.27    0.11  778.14 v _1444_/B (XNOR2x1_ASAP7_75t_R)
     1    0.72   11.71    9.26  787.40 ^ _1444_/Y (XNOR2x1_ASAP7_75t_R)
                                         _0688_ (net)
                 11.71    0.05  787.45 ^ _1445_/B (AND2x2_ASAP7_75t_R)
     1    0.63    6.76   16.89  804.34 ^ _1445_/Y (AND2x2_ASAP7_75t_R)
                                         _0114_ (net)
                  6.76    0.04  804.38 ^ _1510_/D (DFFHQNx3_ASAP7_75t_R)
                                804.38   data arrival time

                        800.00  800.00   clock clk (rise edge)
                          0.00  800.00   clock source latency
     1    1.64    0.00    0.00  800.00 ^ clk (in)
                                         clk (net)
                  0.64    0.20  800.20 ^ clkbuf_0_clk/A (BUFx4_ASAP7_75t_R)
     4    2.81    9.64   16.46  816.66 ^ clkbuf_0_clk/Y (BUFx4_ASAP7_75t_R)
                                         clknet_0_clk (net)
                  9.67    0.22  816.88 ^ clkbuf_2_2__f_clk/A (BUFx4_ASAP7_75t_R)
    10    4.81   13.15   21.00  837.88 ^ clkbuf_2_2__f_clk/Y (BUFx4_ASAP7_75t_R)
                                         clknet_2_2__leaf_clk (net)
                 13.28    0.74  838.62 ^ _1510_/CLK (DFFHQNx3_ASAP7_75t_R)
                          0.00  838.62   clock reconvergence pessimism
                         -5.34  833.27   library setup time
                                833.27   data required time
-----------------------------------------------------------------------------
                                833.27   data required time
                               -804.38   data arrival time
-----------------------------------------------------------------------------
                                 28.89   slack (MET)



==========================================================================
finish report_check_types -max_slew -max_cap -max_fanout -violators
--------------------------------------------------------------------------

==========================================================================
finish max_slew_check_slack
--------------------------------------------------------------------------
236.6558837890625

==========================================================================
finish max_slew_check_limit
--------------------------------------------------------------------------
320.0

==========================================================================
finish max_slew_check_slack_limit
--------------------------------------------------------------------------
0.7395

==========================================================================
finish max_fanout_check_slack
--------------------------------------------------------------------------
1.0000000150474662e+30

==========================================================================
finish max_fanout_check_limit
--------------------------------------------------------------------------
1.0000000150474662e+30

==========================================================================
finish max_capacitance_check_slack
--------------------------------------------------------------------------
15.559429168701172

==========================================================================
finish max_capacitance_check_limit
--------------------------------------------------------------------------
23.040000915527344

==========================================================================
finish max_capacitance_check_slack_limit
--------------------------------------------------------------------------
0.6753

==========================================================================
finish max_slew_violation_count
--------------------------------------------------------------------------
max slew violation count 0

==========================================================================
finish max_fanout_violation_count
--------------------------------------------------------------------------
max fanout violation count 0

==========================================================================
finish max_cap_violation_count
--------------------------------------------------------------------------
max cap violation count 0

==========================================================================
finish setup_violation_count
--------------------------------------------------------------------------
setup violation count 0

==========================================================================
finish hold_violation_count
--------------------------------------------------------------------------
hold violation count 0

==========================================================================
finish critical path delay
--------------------------------------------------------------------------
804.3806

==========================================================================
finish critical path slack
--------------------------------------------------------------------------
28.8899

==========================================================================
finish slack div critical path delay
--------------------------------------------------------------------------
3.591571

==========================================================================
finish report_power
--------------------------------------------------------------------------
Group                  Internal  Switching    Leakage      Total
                          Power      Power      Power      Power (Watts)
----------------------------------------------------------------
Sequential             8.20e-05   3.00e-06   6.11e-09   8.50e-05  26.2%
Combinational          1.02e-04   1.06e-04   7.19e-08   2.07e-04  64.0%
Clock                  1.50e-05   1.67e-05   3.81e-10   3.17e-05   9.8%
Macro                  0.00e+00   0.00e+00   0.00e+00   0.00e+00   0.0%
Pad                    0.00e+00   0.00e+00   0.00e+00   0.00e+00   0.0%
----------------------------------------------------------------
Total                  1.98e-04   1.26e-04   7.84e-08   3.24e-04 100.0%
                          61.2%      38.7%       0.0%
